{
  "version": "1.5.0",
  "plugins_used": [
    {
      "name": "ArtifactoryDetector"
    },
    {
      "name": "AWSKeyDetector"
    },
    {
      "name": "AzureStorageKeyDetector"
    },
    {
      "name": "Base64HighEntropyString",
      "limit": 4.5
    },
    {
      "name": "BasicAuthDetector"
    },
    {
      "name": "CloudantDetector"
    },
    {
      "name": "DiscordBotTokenDetector"
    },
    {
      "name": "GitHubTokenDetector"
    },
    {
      "name": "GitLabTokenDetector"
    },
    {
      "name": "HexHighEntropyString",
      "limit": 3.0
    },
    {
      "name": "IbmCloudIamDetector"
    },
    {
      "name": "IbmCosHmacDetector"
    },
    {
      "name": "IPPublicDetector"
    },
    {
      "name": "JwtTokenDetector"
    },
    {
      "name": "KeywordDetector",
      "keyword_exclude": ""
    },
    {
      "name": "MailchimpDetector"
    },
    {
      "name": "NpmDetector"
    },
    {
      "name": "OpenAIDetector"
    },
    {
      "name": "PrivateKeyDetector"
    },
    {
      "name": "PypiTokenDetector"
    },
    {
      "name": "SendGridDetector"
    },
    {
      "name": "SlackDetector"
    },
    {
      "name": "SoftlayerDetector"
    },
    {
      "name": "SquareOAuthDetector"
    },
    {
      "name": "StripeDetector"
    },
    {
      "name": "TelegramBotTokenDetector"
    },
    {
      "name": "TwilioKeyDetector"
    }
  ],
  "filters_used": [
    {
      "path": "detect_secrets.filters.allowlist.is_line_allowlisted"
    },
    {
      "path": "detect_secrets.filters.common.is_baseline_file",
      "filename": ".secrets.baseline"
    },
    {
      "path": "detect_secrets.filters.common.is_ignored_due_to_verification_policies",
      "min_level": 2
    },
    {
      "path": "detect_secrets.filters.heuristic.is_indirect_reference"
    },
    {
      "path": "detect_secrets.filters.heuristic.is_likely_id_string"
    },
    {
      "path": "detect_secrets.filters.heuristic.is_lock_file"
    },
    {
      "path": "detect_secrets.filters.heuristic.is_not_alphanumeric_string"
    },
    {
      "path": "detect_secrets.filters.heuristic.is_potential_uuid"
    },
    {
      "path": "detect_secrets.filters.heuristic.is_prefixed_with_dollar_sign"
    },
    {
      "path": "detect_secrets.filters.heuristic.is_sequential_string"
    },
    {
      "path": "detect_secrets.filters.heuristic.is_swagger_file"
    },
    {
      "path": "detect_secrets.filters.heuristic.is_templated_secret"
    },
    {
      "path": "detect_secrets.filters.regex.should_exclude_file",
      "pattern": [
        "package-lock\\.json|node_modules/|\\.venv/|coverage/|test-fixtures/"
      ]
    }
  ],
  "results": {
    ".github/workflows/ci.yml": [
      {
        "type": "Secret Keyword",
        "filename": ".github/workflows/ci.yml",
        "hashed_secret": "ffed2efd718d1d3613d6914e7e3d67ba76a0c4e5",
        "is_verified": false,
        "line_number": 130
      }
    ],
    "docker-compose.yml": [
      {
        "type": "Basic Auth Credentials",
        "filename": "docker-compose.yml",
        "hashed_secret": "6d4367249dcd83c3d1f16789143d27f476f7a289",
        "is_verified": false,
        "line_number": 831
      }
    ],
    "docs/plans/mock-source-testbed.md": [
      {
        "type": "Secret Keyword",
        "filename": "docs/plans/mock-source-testbed.md",
        "hashed_secret": "dc7d369cdfb7f7d0d39fe8432756ec3f3866df09",
        "is_verified": false,
        "line_number": 266
      }
    ],
    "docs/superpowers/plans/2026-04-29-phase-g-paperclip-gepa-fixes.md": [
      {
        "type": "Secret Keyword",
        "filename": "docs/superpowers/plans/2026-04-29-phase-g-paperclip-gepa-fixes.md",
        "hashed_secret": "e9a5f12a8ecbb3eb46eca5096b5c52aa5e7c9fdd",
        "is_verified": false,
        "line_number": 116
      }
    ],
    "infra/helm/values.yaml": [
      {
        "type": "Secret Keyword",
        "filename": "infra/helm/values.yaml",
        "hashed_secret": "03bd1de2d91e61459a909e913b1132d52ed44b10",
        "is_verified": false,
        "line_number": 14
      },
      {
        "type": "Secret Keyword",
        "filename": "infra/helm/values.yaml",
        "hashed_secret": "5baa61e4c9b93f3f0682250b6cf8331b7ee68fd8",
        "is_verified": false,
        "line_number": 15
      },
      {
        "type": "Secret Keyword",
        "filename": "infra/helm/values.yaml",
        "hashed_secret": "505032eaf8a3acf9b094a326dfb1cd0537c75a0d",
        "is_verified": false,
        "line_number": 132
      },
      {
        "type": "Secret Keyword",
        "filename": "infra/helm/values.yaml",
        "hashed_secret": "8b51923f17fe18ab88caffde93385997668b8444",
        "is_verified": false,
        "line_number": 149
      },
      {
        "type": "Secret Keyword",
        "filename": "infra/helm/values.yaml",
        "hashed_secret": "43f0e36ac40e78fdd98593261a02c69eb1efca69",
        "is_verified": false,
        "line_number": 186
      }
    ],
    "scripts/smoke.sh": [
      {
        "type": "Basic Auth Credentials",
        "filename": "scripts/smoke.sh",
        "hashed_secret": "074649e91b92af442ed3b64ed569b2a1e4d0821c",
        "is_verified": false,
        "line_number": 27
      }
    ],
    "services/agent-claw/tests/helpers/postgres-container.ts": [
      {
        "type": "Secret Keyword",
        "filename": "services/agent-claw/tests/helpers/postgres-container.ts",
        "hashed_secret": "debb21488c5be24bb605536555e45c14e091f544",
        "is_verified": false,
        "line_number": 34
      }
    ],
    "services/agent-claw/tests/integration/chained-execution.test.ts": [
      {
        "type": "Secret Keyword",
        "filename": "services/agent-claw/tests/integration/chained-execution.test.ts",
        "hashed_secret": "a94a8fe5ccb19ba61c4c0873d391e987982fbbd3",
        "is_verified": false,
        "line_number": 71
      },
      {
        "type": "Secret Keyword",
        "filename": "services/agent-claw/tests/integration/chained-execution.test.ts",
        "hashed_secret": "e9a5f12a8ecbb3eb46eca5096b5c52aa5e7c9fdd",
        "is_verified": false,
        "line_number": 81
      }
    ],
    "services/agent-claw/tests/integration/chat-streaming-via-harness.test.ts": [
      {
        "type": "Secret Keyword",
        "filename": "services/agent-claw/tests/integration/chat-streaming-via-harness.test.ts",
        "hashed_secret": "a94a8fe5ccb19ba61c4c0873d391e987982fbbd3",
        "is_verified": false,
        "line_number": 59
      },
      {
        "type": "Secret Keyword",
        "filename": "services/agent-claw/tests/integration/chat-streaming-via-harness.test.ts",
        "hashed_secret": "e9a5f12a8ecbb3eb46eca5096b5c52aa5e7c9fdd",
        "is_verified": false,
        "line_number": 69
      }
    ],
    "services/agent-claw/tests/integration/reanimator-roundtrip.test.ts": [
      {
        "type": "Secret Keyword",
        "filename": "services/agent-claw/tests/integration/reanimator-roundtrip.test.ts",
        "hashed_secret": "a94a8fe5ccb19ba61c4c0873d391e987982fbbd3",
        "is_verified": false,
        "line_number": 97
      },
      {
        "type": "Secret Keyword",
        "filename": "services/agent-claw/tests/integration/reanimator-roundtrip.test.ts",
        "hashed_secret": "e9a5f12a8ecbb3eb46eca5096b5c52aa5e7c9fdd",
        "is_verified": false,
        "line_number": 107
      }
    ],
    "services/agent-claw/tests/unit/chat-route.test.ts": [
      {
        "type": "Secret Keyword",
        "filename": "services/agent-claw/tests/unit/chat-route.test.ts",
        "hashed_secret": "a94a8fe5ccb19ba61c4c0873d391e987982fbbd3",
        "is_verified": false,
        "line_number": 40
      },
      {
        "type": "Secret Keyword",
        "filename": "services/agent-claw/tests/unit/chat-route.test.ts",
        "hashed_secret": "e9a5f12a8ecbb3eb46eca5096b5c52aa5e7c9fdd",
        "is_verified": false,
        "line_number": 50
      }
    ],
    "services/agent-claw/tests/unit/deep-research-route.test.ts": [
      {
        "type": "Secret Keyword",
        "filename": "services/agent-claw/tests/unit/deep-research-route.test.ts",
        "hashed_secret": "a94a8fe5ccb19ba61c4c0873d391e987982fbbd3",
        "is_verified": false,
        "line_number": 43
      },
      {
        "type": "Secret Keyword",
        "filename": "services/agent-claw/tests/unit/deep-research-route.test.ts",
        "hashed_secret": "e9a5f12a8ecbb3eb46eca5096b5c52aa5e7c9fdd",
        "is_verified": false,
        "line_number": 53
      }
    ],
    "services/agent-claw/tests/unit/litellm-provider.test.ts": [
      {
        "type": "Secret Keyword",
        "filename": "services/agent-claw/tests/unit/litellm-provider.test.ts",
        "hashed_secret": "e9a5f12a8ecbb3eb46eca5096b5c52aa5e7c9fdd",
        "is_verified": false,
        "line_number": 54
      }
    ],
    "services/agent-claw/tests/unit/sandbox.test.ts": [
      {
        "type": "Secret Keyword",
        "filename": "services/agent-claw/tests/unit/sandbox.test.ts",
        "hashed_secret": "3acfb2c2b433c0ea7ff107e33df91b18e52f960f",
        "is_verified": false,
        "line_number": 45
      }
    ],
    "services/agent-claw/tests/unit/streaming-chat.test.ts": [
      {
        "type": "Secret Keyword",
        "filename": "services/agent-claw/tests/unit/streaming-chat.test.ts",
        "hashed_secret": "a94a8fe5ccb19ba61c4c0873d391e987982fbbd3",
        "is_verified": false,
        "line_number": 46
      },
      {
        "type": "Secret Keyword",
        "filename": "services/agent-claw/tests/unit/streaming-chat.test.ts",
        "hashed_secret": "e9a5f12a8ecbb3eb46eca5096b5c52aa5e7c9fdd",
        "is_verified": false,
        "line_number": 56
      }
    ],
    "services/litellm/config.yaml": [
      {
        "type": "Secret Keyword",
        "filename": "services/litellm/config.yaml",
        "hashed_secret": "362f2ca8636c6167b20713f5bcd632d2b20699d7",
        "is_verified": false,
        "line_number": 10
      },
      {
        "type": "Secret Keyword",
        "filename": "services/litellm/config.yaml",
        "hashed_secret": "07db03b4eef371b55ee656a334d69857b58a09da",
        "is_verified": false,
        "line_number": 57
      },
      {
        "type": "Secret Keyword",
        "filename": "services/litellm/config.yaml",
        "hashed_secret": "524c52610a96a0f6269462ce03538dd8ad289e31",
        "is_verified": false,
        "line_number": 63
      }
    ],
    "services/mcp_tools/common/dev_sentinels.py": [
      {
        "type": "Secret Keyword",
        "filename": "services/mcp_tools/common/dev_sentinels.py",
        "hashed_secret": "6d4367249dcd83c3d1f16789143d27f476f7a289",
        "is_verified": false,
        "line_number": 34
      }
    ],
    "services/mcp_tools/mcp_eln_local/tests/test_mcp_eln_local.py": [
      {
        "type": "Basic Auth Credentials",
        "filename": "services/mcp_tools/mcp_eln_local/tests/test_mcp_eln_local.py",
        "hashed_secret": "d986d7729a3ca93e8fb8d9c0f1962564aed9f829",
        "is_verified": false,
        "line_number": 85
      }
    ],
    "services/projectors/kg_source_cache/tests/test_kg_source_cache.py": [
      {
        "type": "Secret Keyword",
        "filename": "services/projectors/kg_source_cache/tests/test_kg_source_cache.py",
        "hashed_secret": "a94a8fe5ccb19ba61c4c0873d391e987982fbbd3",
        "is_verified": false,
        "line_number": 29
      }
    ],
    "tests/unit/optimizer/test_gepa_runner.py": [
      {
        "type": "Secret Keyword",
        "filename": "tests/unit/optimizer/test_gepa_runner.py",
        "hashed_secret": "e9a5f12a8ecbb3eb46eca5096b5c52aa5e7c9fdd",
        "is_verified": false,
        "line_number": 226
      }
    ],
    "tests/unit/optimizer/test_session_purger.py": [
      {
        "type": "Secret Keyword",
        "filename": "tests/unit/optimizer/test_session_purger.py",
        "hashed_secret": "1a91d62f7ca67399625a4368a6ab5d4a3baa6073",
        "is_verified": false,
        "line_number": 70
      }
    ],
    "tests/unit/projectors/test_contextual_chunker.py": [
      {
        "type": "Secret Keyword",
        "filename": "tests/unit/projectors/test_contextual_chunker.py",
        "hashed_secret": "a94a8fe5ccb19ba61c4c0873d391e987982fbbd3",
        "is_verified": false,
        "line_number": 32
      },
      {
        "type": "Secret Keyword",
        "filename": "tests/unit/projectors/test_contextual_chunker.py",
        "hashed_secret": "e9a5f12a8ecbb3eb46eca5096b5c52aa5e7c9fdd",
        "is_verified": false,
        "line_number": 34
      }
    ]
  },
  "generated_at": "2026-04-29T14:25:04Z"
}
